stm32g0xx_ll_adc.h:1787:22:LL_ADC_SetCommonPathInternalCh	16	static
stm32g0xx_ll_adc.h:1881:26:LL_ADC_GetCommonPathInternalCh	16	static
stm32g0xx_ll_adc.h:2254:22:LL_ADC_SetSamplingTimeCommonChannels	24	static
stm32g0xx_ll_adc.h:2396:26:LL_ADC_REG_IsTriggerSourceSWStart	16	static
stm32g0xx_ll_adc.h:2806:22:LL_ADC_REG_SetSequencerRanks	24	static
stm32g0xx_ll_adc.h:3072:22:LL_ADC_REG_SetSequencerChAdd	16	static
stm32g0xx_ll_adc.h:3164:22:LL_ADC_REG_SetSequencerChRem	16	static
stm32g0xx_ll_adc.h:3380:26:LL_ADC_REG_GetDMATransfer	16	static
stm32g0xx_ll_adc.h:3507:22:LL_ADC_SetChannelSamplingTime	24	static
stm32g0xx_ll_adc.h:3669:22:LL_ADC_SetAnalogWDMonitChannels	32	static
stm32g0xx_ll_adc.h:3886:22:LL_ADC_ConfigAnalogWDThresholds	32	static
stm32g0xx_ll_adc.h:4213:22:LL_ADC_EnableInternalRegulator	16	static
stm32g0xx_ll_adc.h:4232:22:LL_ADC_DisableInternalRegulator	16	static
stm32g0xx_ll_adc.h:4243:26:LL_ADC_IsInternalRegulatorEnabled	16	static
stm32g0xx_ll_adc.h:4264:22:LL_ADC_Enable	16	static
stm32g0xx_ll_adc.h:4284:22:LL_ADC_Disable	16	static
stm32g0xx_ll_adc.h:4303:26:LL_ADC_IsEnabled	16	static
stm32g0xx_ll_adc.h:4314:26:LL_ADC_IsDisableOngoing	16	static
stm32g0xx_ll_adc.h:4391:22:LL_ADC_REG_StartConversion	16	static
stm32g0xx_ll_adc.h:4411:22:LL_ADC_REG_StopConversion	16	static
stm32g0xx_ll_adc.h:4427:26:LL_ADC_REG_IsConversionOngoing	16	static
stm32g0xx_ll_adc.h:4729:22:LL_ADC_ClearFlag_AWD1	16	static
stm32g0xx_ll_adc.h:4740:22:LL_ADC_ClearFlag_AWD2	16	static
stm32g0xx_ll_adc.h:4751:22:LL_ADC_ClearFlag_AWD3	16	static
stm32g0xx_ll_adc.h:4847:22:LL_ADC_EnableIT_AWD1	16	static
stm32g0xx_ll_adc.h:4858:22:LL_ADC_EnableIT_AWD2	16	static
stm32g0xx_ll_adc.h:4869:22:LL_ADC_EnableIT_AWD3	16	static
stm32g0xx_ll_adc.h:4957:22:LL_ADC_DisableIT_AWD1	16	static
stm32g0xx_ll_adc.h:4968:22:LL_ADC_DisableIT_AWD2	16	static
stm32g0xx_ll_adc.h:4979:22:LL_ADC_DisableIT_AWD3	16	static
stm32g0xx_hal_adc.c:387:19:HAL_ADC_Init	40	static
stm32g0xx_hal_adc.c:772:19:HAL_ADC_DeInit	32	static
stm32g0xx_hal_adc.c:900:13:HAL_ADC_MspInit	16	static
stm32g0xx_hal_adc.c:917:13:HAL_ADC_MspDeInit	16	static
stm32g0xx_hal_adc.c:1184:19:HAL_ADC_Start	32	static
stm32g0xx_hal_adc.c:1254:19:HAL_ADC_Stop	32	static
stm32g0xx_hal_adc.c:1308:19:HAL_ADC_PollForConversion	24	static
stm32g0xx_hal_adc.c:1435:19:HAL_ADC_PollForEvent	32	static
stm32g0xx_hal_adc.c:1562:19:HAL_ADC_Start_IT	32	static
stm32g0xx_hal_adc.c:1656:19:HAL_ADC_Stop_IT	32	static
stm32g0xx_hal_adc.c:1706:19:HAL_ADC_Start_DMA	40	static
stm32g0xx_hal_adc.c:1804:19:HAL_ADC_Stop_DMA	32	static
stm32g0xx_hal_adc.c:1888:10:HAL_ADC_GetValue	16	static
stm32g0xx_hal_adc.c:1905:6:HAL_ADC_IRQHandler	32	static
stm32g0xx_hal_adc.c:2115:13:HAL_ADC_ConvCpltCallback	16	static
stm32g0xx_hal_adc.c:2130:13:HAL_ADC_ConvHalfCpltCallback	16	static
stm32g0xx_hal_adc.c:2145:13:HAL_ADC_LevelOutOfWindowCallback	16	static
stm32g0xx_hal_adc.c:2167:13:HAL_ADC_ErrorCallback	16	static
stm32g0xx_hal_adc.c:2213:19:HAL_ADC_ConfigChannel	32	static
stm32g0xx_hal_adc.c:2423:19:HAL_ADC_AnalogWDGConfig	32	static
stm32g0xx_hal_adc.c:2642:10:HAL_ADC_GetState	16	static
stm32g0xx_hal_adc.c:2656:10:HAL_ADC_GetError	16	static
stm32g0xx_hal_adc.c:2683:19:ADC_ConversionStop	24	static
stm32g0xx_hal_adc.c:2733:19:ADC_Enable	24	static
stm32g0xx_hal_adc.c:2820:19:ADC_Disable	24	static
stm32g0xx_hal_adc.c:2878:13:ADC_DMAConvCplt	24	static
stm32g0xx_hal_adc.c:2956:13:ADC_DMAHalfConvCplt	24	static
stm32g0xx_hal_adc.c:2974:13:ADC_DMAError	24	static
