stm32g0xx_hal_flash_ex.c:154:19:HAL_FLASHEx_Erase	32	static
stm32g0xx_hal_flash_ex.c:226:19:HAL_FLASHEx_Erase_IT	32	static
stm32g0xx_hal_flash_ex.c:297:19:HAL_FLASHEx_OBProgram	32	static
stm32g0xx_hal_flash_ex.c:421:6:HAL_FLASHEx_OBGetConfig	16	static
stm32g0xx_hal_flash_ex.c:464:6:HAL_FLASHEx_EnableDebugger	8	static
stm32g0xx_hal_flash_ex.c:476:6:HAL_FLASHEx_DisableDebugger	8	static
stm32g0xx_hal_flash_ex.c:488:10:HAL_FLASHEx_FlashEmptyCheck	8	static
stm32g0xx_hal_flash_ex.c:502:6:HAL_FLASHEx_ForceFlashEmpty	24	static
stm32g0xx_hal_flash_ex.c:524:6:HAL_FLASHEx_EnableSecMemProtection	16	static
stm32g0xx_hal_flash_ex.c:568:13:FLASH_MassErase	16	static
stm32g0xx_hal_flash_ex.c:588:6:FLASH_PageErase	24	static
stm32g0xx_hal_flash_ex.c:619:6:FLASH_FlushCaches	8	static
stm32g0xx_hal_flash_ex.c:656:13:FLASH_OB_WRPConfig	24	static
stm32g0xx_hal_flash_ex.c:699:13:FLASH_OB_GetWRP	24	static
stm32g0xx_hal_flash_ex.c:762:13:FLASH_OB_OptrConfig	32	static
stm32g0xx_hal_flash_ex.c:785:17:FLASH_OB_GetRDP	16	static
stm32g0xx_hal_flash_ex.c:821:17:FLASH_OB_GetUser	16	static
stm32g0xx_hal_flash_ex.c:843:13:FLASH_OB_PCROP1AConfig	40	static
stm32g0xx_hal_flash_ex.c:916:13:FLASH_OB_PCROP1BConfig	32	static
stm32g0xx_hal_flash_ex.c:963:13:FLASH_OB_GetPCROP1A	32	static
stm32g0xx_hal_flash_ex.c:1002:13:FLASH_OB_GetPCROP1B	24	static
stm32g0xx_hal_flash_ex.c:1256:13:FLASH_OB_SecMemConfig	24	static
stm32g0xx_hal_flash_ex.c:1276:13:FLASH_OB_GetSecMem	24	static
