stm32g0xx_ll_rcc.h:1791:26:LL_RCC_GetAPB1Prescaler	8	static
stm32g0xx_hal_rcc.c:220:19:HAL_RCC_DeInit	16	static
stm32g0xx_hal_rcc.c:312:19:HAL_RCC_OscConfig	40	static
stm32g0xx_hal_rcc.c:803:19:HAL_RCC_ClockConfig	24	static
stm32g0xx_hal_rcc.c:1032:6:HAL_RCC_MCOConfig	48	static
stm32g0xx_hal_rcc.c:1110:10:HAL_RCC_GetSysClockFreq	32	static
stm32g0xx_hal_rcc.c:1178:10:HAL_RCC_GetHCLKFreq	8	static
stm32g0xx_hal_rcc.c:1189:10:HAL_RCC_GetPCLK1Freq	16	static
stm32g0xx_hal_rcc.c:1202:6:HAL_RCC_GetOscConfig	16	static
stm32g0xx_hal_rcc.c:1306:6:HAL_RCC_GetClockConfig	16	static
stm32g0xx_hal_rcc.c:1339:6:HAL_RCC_EnableCSS	8	static
stm32g0xx_hal_rcc.c:1355:6:HAL_RCC_EnableLSECSS	8	static
stm32g0xx_hal_rcc.c:1366:6:HAL_RCC_DisableLSECSS	8	static
stm32g0xx_hal_rcc.c:1376:6:HAL_RCC_NMI_IRQHandler	16	static
stm32g0xx_hal_rcc.c:1402:13:HAL_RCC_CSSCallback	8	static
stm32g0xx_hal_rcc.c:1413:13:HAL_RCC_LSECSSCallback	8	static
