i2c.h:16:10:i2cReadRegister	32	static
i2c.h:29:10:i2cReadRegisterBigEndian	32	static
i2c.h:43:6:i2cWriteRegister	32	static
i2c.h:55:8:i2c_read	40	static
i2c.h:60:8:i2c_write	48	static
main.c:85:5:main	32	static
main.c:186:6:SystemClock_Config	128	static
main.c:240:13:MX_ADC1_Init	24	static
main.c:296:13:MX_I2C1_Init	8	static
main.c:341:13:MX_I2C2_Init	8	static
main.c:386:13:MX_GPIO_Init	48	static
main.c:413:6:HAL_GPIO_EXTI_Falling_Callback	24	static
main.c:436:6:showVoltage	40	static
main.c:446:6:showHeader	40	static
main.c:463:6:showAverageCurrent	48	static
main.c:474:6:showAveragePower	48	static
main.c:486:6:showSOH	40	static
main.c:496:6:showDesignCapacity	40	static
main.c:506:6:showFullChargeCapacity	40	static
main.c:516:6:showRemainingCapacity	40	static
main.c:532:6:Error_Handler	8	static,ignoring_inline_asm
