ssd1306.c:47:9:SSD1306_Init	16	static
ssd1306.c:113:6:SSD1306_UpdateScreen	16	static
ssd1306.c:126:6:SSD1306_ToggleInvert	16	static
ssd1306.c:138:6:SSD1306_Fill	16	static
ssd1306.c:143:6:SSD1306_DrawPixel	24	static
ssd1306.c:165:6:SSD1306_GotoXY	16	static
ssd1306.c:171:6:SSD1306_Putc	32	static
ssd1306.c:202:6:SSD1306_Puts	24	static
ssd1306.c:220:6:SSD1306_DrawLine	40	static
ssd1306.c:304:6:SSD1306_DrawRectangle	32	static
ssd1306.c:329:6:SSD1306_DrawFilledRectangle	40	static
ssd1306.c:356:6:SSD1306_DrawTriangle	40	static
ssd1306.c:364:6:SSD1306_DrawFilledTriangle	72	static
ssd1306.c:420:6:SSD1306_DrawCircle	40	static
ssd1306.c:454:6:SSD1306_DrawFilledCircle	56	static
ssd1306.c:485:6:SSD1306_ON	8	static
ssd1306.c:490:6:SSD1306_OFF	8	static
ssd1306.c:506:6:ssd1306_I2C_Init	16	static
ssd1306.c:518:6:ssd1306_I2C_WriteMulti	296	static
ssd1306.c:528:6:ssd1306_I2C_Write	40	static
